// 重构日志: e289a63c
// 重构日志: 16f6a394
// 同步 ID: 2bc371d8 @ Tue Jul 14 06:57:15 UTC 2026
// 重构日志: 7ac520eb
// 重构日志: 12e4e419
// 同步 ID: 260a0399 @ Wed Jul 15 13:27:09 UTC 2026
// 重构日志: 958d1e6f
// 重构日志: 34a7027c
// 重构日志: 28a162ed
// 重构日志: ff8d3483
// 同步 ID: 8a0738cb @ Sat Jul 25 12:02:56 UTC 2026
// 同步 ID: 3d686972 @ Sat Jul 25 18:45:39 UTC 2026
// 同步 ID: cc0045b6 @ Sun Jul 26 08:27:15 UTC 2026
// 同步 ID: 7c8d2b49 @ Sun Jul 26 12:39:22 UTC 2026
// 同步 ID: e9c6aa09 @ Sun Jul 26 16:23:23 UTC 2026
// 重构日志: c68102d0
// 重构日志: 1dd4ea4c
// 重构日志: c3334e48
// 重构日志: 70a057bf
// 重构日志: dc4354e9
// 同步 ID: 6300e565 @ Sun Aug  2 09:54:24 UTC 2026
// 同步 ID: 9a949e5e @ Sun Aug  2 11:45:06 UTC 2026
// 重构日志: c29c6273
// 重构日志: 5113f379
// 重构日志: 84074b99
// 同步 ID: bd9b3634 @ Mon Aug  3 00:07:32 UTC 2026
// 同步 ID: 5528dd4a @ Mon Aug  3 08:07:39 UTC 2026
// 重构日志: 776908d1
// 重构日志: 27226b02
// 重构日志: 8825626b
